------------------------------------------------------------
Timing Analyzer Summary
------------------------------------------------------------

Type  : Slow 1100mV 85C Model Setup 'clk'
Slack : -0.907
TNS   : -0.907

Type  : Slow 1100mV 85C Model Hold 'clk'
Slack : 0.250
TNS   : 0.000

Type  : Slow 1100mV 85C Model Minimum Pulse Width 'clk'
Slack : -0.394
TNS   : -0.642

Type  : Slow 1100mV 0C Model Setup 'clk'
Slack : -0.870
TNS   : -0.870

Type  : Slow 1100mV 0C Model Hold 'clk'
Slack : 0.217
TNS   : 0.000

Type  : Slow 1100mV 0C Model Minimum Pulse Width 'clk'
Slack : -0.394
TNS   : -0.649

Type  : Fast 1100mV 85C Model Setup 'clk'
Slack : -0.243
TNS   : -0.243

Type  : Fast 1100mV 85C Model Hold 'clk'
Slack : 0.100
TNS   : 0.000

Type  : Fast 1100mV 85C Model Minimum Pulse Width 'clk'
Slack : -0.281
TNS   : -0.281

Type  : Fast 1100mV 0C Model Setup 'clk'
Slack : -0.188
TNS   : -0.188

Type  : Fast 1100mV 0C Model Hold 'clk'
Slack : 0.068
TNS   : 0.000

Type  : Fast 1100mV 0C Model Minimum Pulse Width 'clk'
Slack : -0.284
TNS   : -0.284

------------------------------------------------------------
