------------------------------------------------------------
Timing Analyzer Summary
------------------------------------------------------------

Type  : Slow 1100mV 85C Model Setup 'clk'
Slack : -0.680
TNS   : -1.999

Type  : Slow 1100mV 85C Model Hold 'clk'
Slack : 0.307
TNS   : 0.000

Type  : Slow 1100mV 85C Model Minimum Pulse Width 'clk'
Slack : -0.394
TNS   : -10.488

Type  : Slow 1100mV 0C Model Setup 'clk'
Slack : -0.663
TNS   : -1.568

Type  : Slow 1100mV 0C Model Hold 'clk'
Slack : 0.287
TNS   : 0.000

Type  : Slow 1100mV 0C Model Minimum Pulse Width 'clk'
Slack : -0.394
TNS   : -11.396

Type  : Fast 1100mV 85C Model Setup 'clk'
Slack : 0.016
TNS   : 0.000

Type  : Fast 1100mV 85C Model Hold 'clk'
Slack : 0.170
TNS   : 0.000

Type  : Fast 1100mV 85C Model Minimum Pulse Width 'clk'
Slack : -0.078
TNS   : -1.537

Type  : Fast 1100mV 0C Model Setup 'clk'
Slack : 0.076
TNS   : 0.000

Type  : Fast 1100mV 0C Model Hold 'clk'
Slack : 0.156
TNS   : 0.000

Type  : Fast 1100mV 0C Model Minimum Pulse Width 'clk'
Slack : -0.077
TNS   : -1.516

------------------------------------------------------------
