------------------------------------------------------------
Timing Analyzer Summary
------------------------------------------------------------

Type  : Slow 1100mV 85C Model Setup 'clk'
Slack : -0.441
TNS   : -1.115

Type  : Slow 1100mV 85C Model Hold 'clk'
Slack : 0.316
TNS   : 0.000

Type  : Slow 1100mV 85C Model Minimum Pulse Width 'clk'
Slack : -0.394
TNS   : -10.479

Type  : Slow 1100mV 0C Model Setup 'clk'
Slack : -0.449
TNS   : -0.689

Type  : Slow 1100mV 0C Model Hold 'clk'
Slack : 0.295
TNS   : 0.000

Type  : Slow 1100mV 0C Model Minimum Pulse Width 'clk'
Slack : -0.394
TNS   : -11.460

Type  : Fast 1100mV 85C Model Setup 'clk'
Slack : 0.165
TNS   : 0.000

Type  : Fast 1100mV 85C Model Hold 'clk'
Slack : 0.182
TNS   : 0.000

Type  : Fast 1100mV 85C Model Minimum Pulse Width 'clk'
Slack : -0.079
TNS   : -1.550

Type  : Fast 1100mV 0C Model Setup 'clk'
Slack : 0.205
TNS   : 0.000

Type  : Fast 1100mV 0C Model Hold 'clk'
Slack : 0.165
TNS   : 0.000

Type  : Fast 1100mV 0C Model Minimum Pulse Width 'clk'
Slack : -0.078
TNS   : -1.528

------------------------------------------------------------
