------------------------------------------------------------
Timing Analyzer Summary
------------------------------------------------------------

Type  : Slow 1100mV 85C Model Setup 'clk'
Slack : -0.530
TNS   : -1.566

Type  : Slow 1100mV 85C Model Hold 'clk'
Slack : 0.339
TNS   : 0.000

Type  : Slow 1100mV 85C Model Minimum Pulse Width 'clk'
Slack : -0.394
TNS   : -10.467

Type  : Slow 1100mV 0C Model Setup 'clk'
Slack : -0.542
TNS   : -1.577

Type  : Slow 1100mV 0C Model Hold 'clk'
Slack : 0.312
TNS   : 0.000

Type  : Slow 1100mV 0C Model Minimum Pulse Width 'clk'
Slack : -0.394
TNS   : -11.427

Type  : Fast 1100mV 85C Model Setup 'clk'
Slack : 0.109
TNS   : 0.000

Type  : Fast 1100mV 85C Model Hold 'clk'
Slack : 0.183
TNS   : 0.000

Type  : Fast 1100mV 85C Model Minimum Pulse Width 'clk'
Slack : -0.079
TNS   : -1.562

Type  : Fast 1100mV 0C Model Setup 'clk'
Slack : 0.150
TNS   : 0.000

Type  : Fast 1100mV 0C Model Hold 'clk'
Slack : 0.173
TNS   : 0.000

Type  : Fast 1100mV 0C Model Minimum Pulse Width 'clk'
Slack : -0.082
TNS   : -1.611

------------------------------------------------------------
