------------------------------------------------------------
Timing Analyzer Summary
------------------------------------------------------------

Type  : Slow 1100mV 85C Model Setup 'clk'
Slack : -0.656
TNS   : -1.954

Type  : Slow 1100mV 85C Model Hold 'clk'
Slack : 0.321
TNS   : 0.000

Type  : Slow 1100mV 85C Model Minimum Pulse Width 'clk'
Slack : -0.394
TNS   : -10.490

Type  : Slow 1100mV 0C Model Setup 'clk'
Slack : -0.621
TNS   : -1.477

Type  : Slow 1100mV 0C Model Hold 'clk'
Slack : 0.301
TNS   : 0.000

Type  : Slow 1100mV 0C Model Minimum Pulse Width 'clk'
Slack : -0.394
TNS   : -11.419

Type  : Fast 1100mV 85C Model Setup 'clk'
Slack : 0.019
TNS   : 0.000

Type  : Fast 1100mV 85C Model Hold 'clk'
Slack : 0.182
TNS   : 0.000

Type  : Fast 1100mV 85C Model Minimum Pulse Width 'clk'
Slack : -0.077
TNS   : -1.528

Type  : Fast 1100mV 0C Model Setup 'clk'
Slack : 0.089
TNS   : 0.000

Type  : Fast 1100mV 0C Model Hold 'clk'
Slack : 0.171
TNS   : 0.000

Type  : Fast 1100mV 0C Model Minimum Pulse Width 'clk'
Slack : -0.077
TNS   : -1.518

------------------------------------------------------------
