------------------------------------------------------------
Timing Analyzer Summary
------------------------------------------------------------

Type  : Slow 1100mV 85C Model Setup 'clk'
Slack : -3.946
TNS   : -716.322

Type  : Slow 1100mV 85C Model Hold 'clk'
Slack : 0.358
TNS   : 0.000

Type  : Slow 1100mV 85C Model Minimum Pulse Width 'clk'
Slack : -2.636
TNS   : -256.287

Type  : Slow 1100mV 0C Model Setup 'clk'
Slack : -3.895
TNS   : -702.034

Type  : Slow 1100mV 0C Model Hold 'clk'
Slack : 0.281
TNS   : 0.000

Type  : Slow 1100mV 0C Model Minimum Pulse Width 'clk'
Slack : -2.636
TNS   : -264.849

Type  : Fast 1100mV 85C Model Setup 'clk'
Slack : -1.944
TNS   : -313.507

Type  : Fast 1100mV 85C Model Hold 'clk'
Slack : 0.183
TNS   : 0.000

Type  : Fast 1100mV 85C Model Minimum Pulse Width 'clk'
Slack : -2.636
TNS   : -143.758

Type  : Fast 1100mV 0C Model Setup 'clk'
Slack : -1.694
TNS   : -275.501

Type  : Fast 1100mV 0C Model Hold 'clk'
Slack : 0.166
TNS   : 0.000

Type  : Fast 1100mV 0C Model Minimum Pulse Width 'clk'
Slack : -2.636
TNS   : -143.397

------------------------------------------------------------
