------------------------------------------------------------
Timing Analyzer Summary
------------------------------------------------------------

Type  : Slow 1100mV 85C Model Setup 'clk'
Slack : -3.588
TNS   : -683.417

Type  : Slow 1100mV 85C Model Hold 'clk'
Slack : 0.432
TNS   : 0.000

Type  : Slow 1100mV 85C Model Minimum Pulse Width 'clk'
Slack : -2.636
TNS   : -259.581

Type  : Slow 1100mV 0C Model Setup 'clk'
Slack : -3.651
TNS   : -679.685

Type  : Slow 1100mV 0C Model Hold 'clk'
Slack : 0.411
TNS   : 0.000

Type  : Slow 1100mV 0C Model Minimum Pulse Width 'clk'
Slack : -2.636
TNS   : -270.056

Type  : Fast 1100mV 85C Model Setup 'clk'
Slack : -1.703
TNS   : -295.567

Type  : Fast 1100mV 85C Model Hold 'clk'
Slack : 0.217
TNS   : 0.000

Type  : Fast 1100mV 85C Model Minimum Pulse Width 'clk'
Slack : -2.636
TNS   : -143.209

Type  : Fast 1100mV 0C Model Setup 'clk'
Slack : -1.563
TNS   : -262.473

Type  : Fast 1100mV 0C Model Hold 'clk'
Slack : 0.211
TNS   : 0.000

Type  : Fast 1100mV 0C Model Minimum Pulse Width 'clk'
Slack : -2.636
TNS   : -143.331

------------------------------------------------------------
